create user ruben@localhost identified by '1234';
Query OK, 0 rows affected (0.01 sec)

mysql> grant all on mystudentdb.* to ruben@localhost;
Query OK, 0 rows affected (0.01 sec)

mysql> show grants for ruben@localhost;
+----------------------------------------------------------------+
| Grants for ruben@localhost                                     |
+----------------------------------------------------------------+
| GRANT USAGE ON *.* TO `ruben`@`localhost`                      |
| GRANT ALL PRIVILEGES ON `mystudentdb`.* TO `ruben`@`localhost` |
+----------------------------------------------------------------+
2 rows in set (0.00 sec)

mysql> grant select on user to ruben@localhost;
ERROR 1146 (42S02): Table 'arj.user' doesn't exist
mysql> grant select on table1 to ruben@localhost;
Query OK, 0 rows affected (0.00 sec)

mysql> show grants for ruben@localhost;
+----------------------------------------------------------------+
| Grants for ruben@localhost                                     |
+----------------------------------------------------------------+
| GRANT USAGE ON *.* TO `ruben`@`localhost`                      |
| GRANT ALL PRIVILEGES ON `mystudentdb`.* TO `ruben`@`localhost` |
| GRANT SELECT ON `arj`.`table1` TO `ruben`@`localhost`          |
+----------------------------------------------------------------+
mysql> revoke select on table1 from ruben@localhost;
Query OK, 0 rows affected (0.00 sec)

mysql> show grants for ruben@localhost;
+----------------------------------------------------------------+
| Grants for ruben@localhost                                     |
+----------------------------------------------------------------+
| GRANT USAGE ON *.* TO `ruben`@`localhost`                      |
| GRANT ALL PRIVILEGES ON `mystudentdb`.* TO `ruben`@`localhost` |
+----------------------------------------------------------------+
2 rows in set (0.00 sec)
3 rows in set (0.00 sec) revoke all ,grant option from ruben@localhost;
Query OK, 0 rows affected (0.00 sec)

mysql> show grants for ruben@localhost;
+-------------------------------------------+
| Grants for ruben@localhost                |
+-------------------------------------------+
| GRANT USAGE ON *.* TO `ruben`@`localhost` |
+-------------------------------------------+
1 row in set (0.00 sec)
